[fairdeallab.website/demos/startup/demos.html]
[backblue.gif]
[fade.gif]
[index.html]
[fairdeallab.website/demos/startup/images/favicon.png]
[fairdeallab.website/demos/startup/images/logo.png]
[fairdeallab.website/demos/startup/index.html]
[fairdeallab.website/demos/startup/web_agency.html]
[fairdeallab.website/demos/startup/agency.html]
[fairdeallab.website/demos/startup/personal_portfolio.html]
[fairdeallab.website/demos/startup/product_landing.html]
[fairdeallab.website/demos/startup/online_learning.html]
[fairdeallab.website/demos/startup/car_repair.html]
[fairdeallab.website/demos/startup/realestate.html]
[fairdeallab.website/demos/startup/cleaning.html]
[fairdeallab.website/demos/startup/app_landing.html]
[fairdeallab.website/demos/startup/ecommerce.html]
[fairdeallab.website/demos/startup/about.html]
[fairdeallab.website/demos/startup/about_2.html]
[fairdeallab.website/demos/startup/team.html]
[fairdeallab.website/demos/startup/team_2.html]
[fairdeallab.website/demos/startup/how_work.html]
[fairdeallab.website/demos/startup/service.html]
[fairdeallab.website/demos/startup/service_2.html]
[fairdeallab.website/demos/startup/service_3.html]
[fairdeallab.website/demos/startup/service_4.html]
[fairdeallab.website/demos/startup/features.html]
[fairdeallab.website/demos/startup/pricing.html]
[fairdeallab.website/demos/startup/pricing_2.html]
[fairdeallab.website/demos/startup/portfolio.html]
[fairdeallab.website/demos/startup/portfolio_2.html]
[fairdeallab.website/demos/startup/portfolio_3.html]
[fairdeallab.website/demos/startup/client.html]
[fairdeallab.website/demos/startup/client_2.html]
[fairdeallab.website/demos/startup/faq.html]
[fairdeallab.website/demos/startup/faq_2.html]
[fairdeallab.website/demos/startup/career.html]
[fairdeallab.website/demos/startup/service_details.html]
[fairdeallab.website/demos/startup/blog-full.html]
[fairdeallab.website/demos/startup/blog-gird.html]
[fairdeallab.website/demos/startup/blog-full-sildebar.html]
[fairdeallab.website/demos/startup/blog-gird-sidebar.html]
[fairdeallab.website/demos/startup/single_blog.html]
[fairdeallab.website/demos/startup/single_blog-carousel.html]
[fairdeallab.website/demos/startup/single_blog-video.html]
[fairdeallab.website/demos/startup/contact.html]
[fairdeallab.website/demos/startup/contact_2.html]
[fairdeallab.website/demos/startup/contact_3.html]
[fairdeallab.website/demos/startup/demos/images/item1.jpg]
[fairdeallab.website/demos/startup/demos/images/item2.jpg]
[fairdeallab.website/demos/startup/demos/images/item3.jpg]
[fairdeallab.website/demos/startup/demos/images/item4.jpg]
[fairdeallab.website/demos/startup/demos/images/item6.jpg]
[fairdeallab.website/demos/startup/demos/images/item5.jpg]
[fairdeallab.website/demos/startup/demos/images/item9.jpg]
[fairdeallab.website/demos/startup/demos/images/item8.jpg]
[fairdeallab.website/demos/startup/demos/images/item7.jpg]
[fairdeallab.website/demos/startup/demos/images/item11.jpg]
[fairdeallab.website/demos/startup/demos/images/item10.jpg]
[fairdeallab.website/demos/startup/demos/js/jquery-2.1.4.min.js]
[fairdeallab.website/demos/startup/demos/js/bootstrap.min.js]
[fairdeallab.website/demos/startup/demos/js/isotope.pkgd.min.js]
[unpkg.com/imagesloaded@4.1.4/imagesloaded.pkgd.min.js]
[fairdeallab.website/demos/startup/demos/js/main.js]
[fairdeallab.website/demos/startup/demos.html]
[fairdeallab.website/demos/startup/fonts/fontawesome-webfont3e6e.eot]
[fairdeallab.website/demos/startup/fonts/fontawesome-webfontd41d.eot]
[fairdeallab.website/demos/startup/fonts/fontawesome-webfont3e6e.woff]
[fairdeallab.website/demos/startup/fonts/fontawesome-webfont3e6e.ttf]
[fairdeallab.website/demos/startup/css/font-awesome.min.css]
[fairdeallab.website/demos/startup/demos/fonts/iconmind-line2f0d.eot]
[fairdeallab.website/demos/startup/demos/fonts/iconmind-line2f0d.woff]
[fairdeallab.website/demos/startup/demos/fonts/iconmind-line2f0d.ttf]
[fairdeallab.website/demos/startup/demos/css/iconmind-line.css]
[fairdeallab.website/demos/startup/demos/fonts/glyphicons-halflings-regular.eot]
[fairdeallab.website/demos/startup/demos/fonts/glyphicons-halflings-regulard41d.eot]
[fairdeallab.website/demos/startup/demos/fonts/glyphicons-halflings-regular.woff]
[fairdeallab.website/demos/startup/demos/fonts/glyphicons-halflings-regular.ttf]
[fairdeallab.website/demos/startup/demos/css/bootstrap.min.css]
[fairdeallab.website/demos/startup/demos/css/padding.margin.css]
[fairdeallab.website/demos/startup/demos/style.css]
[fairdeallab.website/demos/startup/demos/css/responsive.css]
[fairdeallab.website/demos/startup/images/logo_white.png]
[fairdeallab.website/demos/startup/images/slider_img/slider_img1.jpg]
[fairdeallab.website/demos/startup/images/slider_img/slider_img2.jpg]
[fairdeallab.website/demos/startup/images/slider_img/slider_img3.jpg]
[fairdeallab.website/demos/startup/images/3d_img.png]
[fairdeallab.website/demos/startup/images/case_study_img.png]
[fairdeallab.website/demos/startup/images/footer_logo.png]
[fairdeallab.website/demos/startup/js/jquery-2.1.4.min.js]
[fairdeallab.website/demos/startup/js/modernizr-2.6.2.min.js]
[fairdeallab.website/demos/startup/js/plugins.js]
[fairdeallab.website/demos/startup/js/bootstrap.min.js]
[fairdeallab.website/demos/startup/js/slick.slider.js]
[fairdeallab.website/demos/startup/js/owl.carousel.min.js]
[fairdeallab.website/demos/startup/js/venobox.min.js]
[fairdeallab.website/demos/startup/js/masonry.pkgd.min.js]
[fairdeallab.website/demos/startup/js/mixitup.min.js]
[fairdeallab.website/demos/startup/js/jquery.nice-select.min.js]
[fairdeallab.website/demos/startup/js/parallax.min.js]
[fairdeallab.website/demos/startup/js/google.mapsetting.js]
[fairdeallab.website/demos/startup/js/activation-jQuary.js]
[fairdeallab.website/demos/startup/index.html]
[fairdeallab.website/demos/startup/images/phoneInhand.png]
[fairdeallab.website/demos/startup/images/client6.png]
[fairdeallab.website/demos/startup/images/client7.png]
[fairdeallab.website/demos/startup/images/client8.png]
[fairdeallab.website/demos/startup/images/client9.png]
[fairdeallab.website/demos/startup/images/client10.png]
[fairdeallab.website/demos/startup/images/work1.jpg]
[fairdeallab.website/demos/startup/images/work2.jpg]
[fairdeallab.website/demos/startup/images/work3.jpg]
[fairdeallab.website/demos/startup/images/work4.jpg]
[fairdeallab.website/demos/startup/images/work5.jpg]
[fairdeallab.website/demos/startup/images/work6.jpg]
[fairdeallab.website/demos/startup/web_agency.html]
[fairdeallab.website/demos/startup/images/aboutV2_1.jpg]
[fairdeallab.website/demos/startup/images/testimonial_1.png]
[fairdeallab.website/demos/startup/images/testimonial_2.png]
[fairdeallab.website/demos/startup/images/client1.png]
[fairdeallab.website/demos/startup/images/client2.png]
[fairdeallab.website/demos/startup/images/client3.png]
[fairdeallab.website/demos/startup/images/client4.png]
[fairdeallab.website/demos/startup/images/client5.png]
[fairdeallab.website/demos/startup/agency.html]
[fairdeallab.website/demos/startup/images/logo_v8.png]
[fairdeallab.website/demos/startup/images/case_study_img2.png]
[fairdeallab.website/demos/startup/personal_portfolio.html]
[fairdeallab.website/demos/startup/images/drone.png]
[fairdeallab.website/demos/startup/images/feature_drone.png]
[fairdeallab.website/demos/startup/product_landing.html]
[fairdeallab.website/demos/startup/images/course1.jpg]
[fairdeallab.website/demos/startup/images/course2.jpg]
[fairdeallab.website/demos/startup/images/course3.jpg]
[fairdeallab.website/demos/startup/images/course4.jpg]
[fairdeallab.website/demos/startup/images/widget-logo.png]
[fairdeallab.website/demos/startup/online_learning.html]
[fairdeallab.website/demos/startup/images/car_service1.png]
[fairdeallab.website/demos/startup/images/car_service3.png]
[fairdeallab.website/demos/startup/images/car_service2.png]
[fairdeallab.website/demos/startup/images/car_service4.png]
[fairdeallab.website/demos/startup/images/car_service5.png]
[fairdeallab.website/demos/startup/images/visa.png]
[fairdeallab.website/demos/startup/images/mastercard.png]
[fairdeallab.website/demos/startup/images/dicover.png]
[fairdeallab.website/demos/startup/images/express.png]
[fairdeallab.website/demos/startup/car_repair.html]
[fairdeallab.website/demos/startup/images/logo_blue.png]
[fairdeallab.website/demos/startup/images/rStateHeroCarousel_img1.jpg]
[fairdeallab.website/demos/startup/images/listing_img1.jpg]
[fairdeallab.website/demos/startup/images/rState_feature1.png]
[fairdeallab.website/demos/startup/images/rState_feature2.png]
[fairdeallab.website/demos/startup/images/rState_feature3.png]
[fairdeallab.website/demos/startup/images/agent1.jpg]
[fairdeallab.website/demos/startup/images/agent2.jpg]
[fairdeallab.website/demos/startup/images/agent3.jpg]
[fairdeallab.website/demos/startup/realestate.html]
[fairdeallab.website/demos/startup/images/logo_green.png]
[fairdeallab.website/demos/startup/images/slider_img/slider_img4.jpg]
[fairdeallab.website/demos/startup/images/slider_img/slider_img5.jpg]
[fairdeallab.website/demos/startup/images/slider_img/slider_img6.jpg]
[fairdeallab.website/demos/startup/images/clearing_authority.jpg]
[fairdeallab.website/demos/startup/cleaning.html]
[fairdeallab.website/demos/startup/images/iPhone-6.png]
[fairdeallab.website/demos/startup/images/startup_logo2.png]
[fairdeallab.website/demos/startup/images/g_play_btn.png]
[fairdeallab.website/demos/startup/images/app_store.png]
[fairdeallab.website/demos/startup/app_landing.html]
[fairdeallab.website/demos/startup/images/featured_product1.jpg]
[fairdeallab.website/demos/startup/images/featured_product2.jpg]
[fairdeallab.website/demos/startup/images/featured_product3.jpg]
[fairdeallab.website/demos/startup/images/product_gallery1.jpg]
[fairdeallab.website/demos/startup/images/product_gallery2.jpg]
[fairdeallab.website/demos/startup/images/product_gallery3.jpg]
[fairdeallab.website/demos/startup/images/product_gallery4.jpg]
[fairdeallab.website/demos/startup/images/product_gallery5.jpg]
[fairdeallab.website/demos/startup/images/product_gallery6.jpg]
[fairdeallab.website/demos/startup/images/product_gallery7.jpg]
[fairdeallab.website/demos/startup/images/product_gallery8.jpg]
[fairdeallab.website/demos/startup/images/product_gallery9.jpg]
[fairdeallab.website/demos/startup/images/product_gallery10.jpg]
[fairdeallab.website/demos/startup/images/product_gallery11.jpg]
[fairdeallab.website/demos/startup/images/product_gallery12.jpg]
[fairdeallab.website/demos/startup/ecommerce.html]
[fairdeallab.website/demos/startup/images/aboutimg1.jpg]
[fairdeallab.website/demos/startup/images/client11.jpg]
[fairdeallab.website/demos/startup/images/client12.jpg]
[fairdeallab.website/demos/startup/images/client13.jpg]
[fairdeallab.website/demos/startup/images/client14.jpg]
[fairdeallab.website/demos/startup/images/client15.jpg]
[fairdeallab.website/demos/startup/images/client16.jpg]
[fairdeallab.website/demos/startup/images/client17.jpg]
[fairdeallab.website/demos/startup/images/client18.jpg]
[fairdeallab.website/demos/startup/about.html]
[fairdeallab.website/demos/startup/about_2.html]
[fairdeallab.website/demos/startup/images/team_member1.png]
[fairdeallab.website/demos/startup/images/team_member2.png]
[fairdeallab.website/demos/startup/images/team_member3.png]
[fairdeallab.website/demos/startup/images/team_member4.png]
[fairdeallab.website/demos/startup/images/team_member5.png]
[fairdeallab.website/demos/startup/images/team_member6.png]
[fairdeallab.website/demos/startup/team.html]
[fairdeallab.website/demos/startup/images/team2_member1.jpg]
[fairdeallab.website/demos/startup/images/team2_member2.jpg]
[fairdeallab.website/demos/startup/images/team2_member3.jpg]
[fairdeallab.website/demos/startup/images/team2_member4.jpg]
[fairdeallab.website/demos/startup/images/team2_member5.jpg]
[fairdeallab.website/demos/startup/images/team2_member6.jpg]
[fairdeallab.website/demos/startup/team_2.html]
[fairdeallab.website/demos/startup/images/working_step_img1.jpg]
[fairdeallab.website/demos/startup/images/working_step_img2.jpg]
[fairdeallab.website/demos/startup/images/working_step_img3.jpg]
[fairdeallab.website/demos/startup/images/working_step_img4.jpg]
[fairdeallab.website/demos/startup/images/working_step_img5.jpg]
[fairdeallab.website/demos/startup/how_work.html]
[fairdeallab.website/demos/startup/service.html]
[fairdeallab.website/demos/startup/images/testimonial-img.jpg]
[fairdeallab.website/demos/startup/service_2.html]
[fairdeallab.website/demos/startup/images/service_img1_v3.jpg]
[fairdeallab.website/demos/startup/images/service_img2_v3.jpg]
[fairdeallab.website/demos/startup/images/service_img3_v3.jpg]
[fairdeallab.website/demos/startup/images/service_img4_v3.jpg]
[fairdeallab.website/demos/startup/images/service_img5_v3.jpg]
[fairdeallab.website/demos/startup/images/service_img6_v3.jpg]
[fairdeallab.website/demos/startup/service_3.html]
[fairdeallab.website/demos/startup/service_4.html]
[fairdeallab.website/demos/startup/features.html]
[fairdeallab.website/demos/startup/pricing.html]
[fairdeallab.website/demos/startup/pricing_2.html]
[fairdeallab.website/demos/startup/portfolio.html]
[fairdeallab.website/demos/startup/images/portfolio2_videoImg.jpg]
[fairdeallab.website/demos/startup/images/portfolio2_img1.jpg]
[fairdeallab.website/demos/startup/images/portfolio2_img2.jpg]
[fairdeallab.website/demos/startup/images/portfolio2_img3.jpg]
[fairdeallab.website/demos/startup/images/portfolio2_img4.jpg]
[fairdeallab.website/demos/startup/images/portfolio2_img5.jpg]
[fairdeallab.website/demos/startup/images/portfolio2_img6.jpg]
[fairdeallab.website/demos/startup/portfolio_2.html]
[fairdeallab.website/demos/startup/images/portfolio3_img1.jpg]
[fairdeallab.website/demos/startup/images/portfolio3_img2.jpg]
[fairdeallab.website/demos/startup/images/portfolio3_img3.jpg]
[fairdeallab.website/demos/startup/images/portfolio3_img4.jpg]
[fairdeallab.website/demos/startup/portfolio_3.html]
[fairdeallab.website/demos/startup/images/client19.png]
[fairdeallab.website/demos/startup/images/client20.png]
[fairdeallab.website/demos/startup/images/client21.png]
[fairdeallab.website/demos/startup/images/client22.png]
[fairdeallab.website/demos/startup/images/client23.png]
[fairdeallab.website/demos/startup/images/client24.png]
[fairdeallab.website/demos/startup/images/client25.png]
[fairdeallab.website/demos/startup/images/client26.png]
[fairdeallab.website/demos/startup/images/client27.png]
[fairdeallab.website/demos/startup/images/client28.png]
[fairdeallab.website/demos/startup/client.html]
[fairdeallab.website/demos/startup/images/client29.png]
[fairdeallab.website/demos/startup/images/client30.png]
[fairdeallab.website/demos/startup/images/client31.png]
[fairdeallab.website/demos/startup/images/client32.png]
[fairdeallab.website/demos/startup/images/client33.png]
[fairdeallab.website/demos/startup/images/client34.png]
[fairdeallab.website/demos/startup/images/client35.png]
[fairdeallab.website/demos/startup/images/client36.png]
[fairdeallab.website/demos/startup/images/client37.png]
[fairdeallab.website/demos/startup/client_2.html]
[fairdeallab.website/demos/startup/faq.html]
[fairdeallab.website/demos/startup/faq_2.html]
[fairdeallab.website/demos/startup/images/career1.jpg]
[fairdeallab.website/demos/startup/career.html]
[fairdeallab.website/demos/startup/service_details.html]
[fairdeallab.website/demos/startup/images/blog_post_img2.jpg]
[fairdeallab.website/demos/startup/images/blog_post_img1.jpg]
[fairdeallab.website/demos/startup/images/blog_post_img3.jpg]
[fairdeallab.website/demos/startup/js/blog.js]
[fairdeallab.website/demos/startup/blog-full.html]
[fairdeallab.website/demos/startup/images/blog_post_img4.jpg]
[fairdeallab.website/demos/startup/images/blog_post_img5.jpg]
[fairdeallab.website/demos/startup/blog-gird.html]
[fairdeallab.website/demos/startup/images/vertical_post.jpg]
[fairdeallab.website/demos/startup/images/recent_post1.jpg]
[fairdeallab.website/demos/startup/images/recent_post2.jpg]
[fairdeallab.website/demos/startup/images/recent_post3.jpg]
[fairdeallab.website/demos/startup/blog-full-sildebar.html]
[fairdeallab.website/demos/startup/blog-gird-sidebar.html]
[fairdeallab.website/demos/startup/images/author_image.jpg]
[fairdeallab.website/demos/startup/images/avatar_image.jpg]
[fairdeallab.website/demos/startup/single_blog.html]
[fairdeallab.website/demos/startup/single_blog-carousel.html]
[fairdeallab.website/demos/startup/single_blog-video.html]
[fairdeallab.website/demos/startup/contact.html]
[fairdeallab.website/demos/startup/contact_2.html]
[fairdeallab.website/demos/startup/images/contact3address1.jpg]
[fairdeallab.website/demos/startup/images/contact3address2.jpg]
[fairdeallab.website/demos/startup/images/contact3address3.jpg]
[fairdeallab.website/demos/startup/images/contact3address4.jpg]
[fairdeallab.website/demos/startup/contact_3.html]
[fairdeallab.website/demos/startup/fonts/fontawesome-webfont3e6e.html]
[fairdeallab.website/demos/startup/fonts/fontawesome-webfont3e6e.svg]
[fairdeallab.website/demos/startup/demos/fonts/iconmind-line2f0d.html]
[fairdeallab.website/demos/startup/demos/fonts/iconmind-line2f0d.svg]
[fairdeallab.website/demos/startup/demos/fonts/glyphicons-halflings-regular.html]
[fairdeallab.website/demos/startup/demos/fonts/glyphicons-halflings-regular.svg]
[fairdeallab.website/demos/startup/demos/images/car-nav-bg.html]
[fairdeallab.website/demos/startup/fonts/iconmind-line2f0d.eot]
[fairdeallab.website/demos/startup/fonts/iconmind-line2f0d.woff]
[fairdeallab.website/demos/startup/fonts/iconmind-line2f0d.ttf]
[fairdeallab.website/demos/startup/css/iconmind-line.css]
[fairdeallab.website/demos/startup/css/normalize.css]
[fairdeallab.website/demos/startup/fonts/glyphicons-halflings-regular.eot]
[fairdeallab.website/demos/startup/fonts/glyphicons-halflings-regulard41d.eot]
[fairdeallab.website/demos/startup/fonts/glyphicons-halflings-regular.woff]
[fairdeallab.website/demos/startup/fonts/glyphicons-halflings-regular.ttf]
[fairdeallab.website/demos/startup/css/bootstrap.min.css]
[fairdeallab.website/demos/startup/css/animate.min.css]
[fairdeallab.website/demos/startup/css/slick.slider.css]
[fairdeallab.website/demos/startup/css/owl.carousel.min.css]
[fairdeallab.website/demos/startup/css/venobox.css]
[fairdeallab.website/demos/startup/css/nice-select.css]
[fairdeallab.website/demos/startup/css/padding.margin.css]
[fairdeallab.website/demos/startup/images/header5bg.jpg]
[fairdeallab.website/demos/startup/images/car-nav-bg.png]
[fairdeallab.website/demos/startup/images/home_5bammer.jpg]
[fairdeallab.website/demos/startup/images/testimonial_bg.jpg]
[fairdeallab.website/demos/startup/images/service_details_contentBG.jpg]
[fairdeallab.website/demos/startup/images/home_2bg1.jpg]
[fairdeallab.website/demos/startup/images/service_details_contentBG2.jpg]
[fairdeallab.website/demos/startup/images/home_4.jpg]
[fairdeallab.website/demos/startup/images/differentBG.jpg]
[fairdeallab.website/demos/startup/images/feature_bg.jpg]
[fairdeallab.website/demos/startup/images/buy_bg.jpg]
[fairdeallab.website/demos/startup/images/video_bg.jpg]
[fairdeallab.website/demos/startup/images/drone_bg.jpg]
[fairdeallab.website/demos/startup/images/drone_service_bg.jpg]
[fairdeallab.website/demos/startup/images/drone_feature_bg.jpg]
[fairdeallab.website/demos/startup/images/drone_video_bg.jpg]
[fairdeallab.website/demos/startup/images/newsletter_bg.jpg]
[fairdeallab.website/demos/startup/images/portfolio_banner.jpg]
[fairdeallab.website/demos/startup/images/clientTestimonialbg.jpg]
[fairdeallab.website/demos/startup/images/title_shap.png]
[fairdeallab.website/demos/startup/images/clrn_testimonial.jpg]
[fairdeallab.website/demos/startup/images/cln_contact_bg.jpg]
[fairdeallab.website/demos/startup/images/realState_bnner.jpg]
[fairdeallab.website/demos/startup/images/ecommerce_banner.jpg]
[fairdeallab.website/demos/startup/style.css]
[fairdeallab.website/demos/startup/css/responsive.css]
[fairdeallab.website/demos/startup/css/responsive2.css]
[fairdeallab.website/demos/startup/realstate.html]
[fairdeallab.website/demos/startup/css/blog.css]
[fairdeallab.website/demos/startup/fonts/iconmind-line2f0d.html]
[fairdeallab.website/demos/startup/fonts/iconmind-line2f0d.svg]
[fairdeallab.website/demos/startup/fonts/glyphicons-halflings-regular.html]
[fairdeallab.website/demos/startup/fonts/glyphicons-halflings-regular.svg]
[fairdeallab.website/demos/startup/css/owl.video.play.html]
